../Core/Src/main.cpp:67:19:HAL_StatusTypeDef BNO055_Write(uint8_t, uint8_t, uint8_t*, uint16_t)	32	static
../Core/Src/main.cpp:71:19:HAL_StatusTypeDef BNO055_Read(uint8_t, uint8_t, uint8_t*, uint16_t)	32	static
../Core/Src/main.cpp:86:5:int main()	40	static
../Core/Src/main.cpp:163:6:void SystemClock_Config()	88	static
../Core/Src/main.cpp:205:13:void MX_I2C1_Init()	8	static
../Core/Src/main.cpp:239:13:void MX_GPIO_Init()	48	static
../Core/Src/main.cpp:295:6:void Error_Handler()	4	static,ignoring_inline_asm
