../Core/Src/main.c:97:10:readCounter	1
../Core/Src/main.c:102:6:HAL_TIM_PeriodElapsedCallback	2
../Core/Src/main.c:114:5:main	21
../Core/Src/main.c:256:6:SystemClock_Config	3
../Core/Src/main.c:293:13:MX_I2C1_Init	4
../Core/Src/main.c:341:13:MX_TIM3_Init	4
../Core/Src/main.c:386:13:MX_USART2_UART_Init	2
../Core/Src/main.c:420:13:MX_DMA_Init	1
../Core/Src/main.c:438:13:MX_GPIO_Init	1
../Core/Src/main.c:472:6:readBuf	15
../Core/Src/main.c:564:5:readINDEX	1
../Core/Src/main.c:570:9:readID	6
../Core/Src/main.c:586:6:Error_Handler	1
