../Core/Src/main.c:97:10:readCounter	8	static
../Core/Src/main.c:102:6:HAL_TIM_PeriodElapsedCallback	16	static
../Core/Src/main.c:114:5:main	72	static
../Core/Src/main.c:256:6:SystemClock_Config	64	static
../Core/Src/main.c:293:13:MX_I2C1_Init	8	static
../Core/Src/main.c:341:13:MX_TIM3_Init	40	static
../Core/Src/main.c:386:13:MX_USART2_UART_Init	8	static
../Core/Src/main.c:420:13:MX_DMA_Init	16	static
../Core/Src/main.c:438:13:MX_GPIO_Init	48	static
../Core/Src/main.c:472:6:readBuf	40	static
../Core/Src/main.c:564:5:readINDEX	32	static
../Core/Src/main.c:570:9:readID	16	static
../Core/Src/main.c:586:6:Error_Handler	8	static,ignoring_inline_asm
