../Core/Src/main.c:95:10:readCounter	1
../Core/Src/main.c:100:6:HAL_TIM_PeriodElapsedCallback	2
../Core/Src/main.c:112:5:main	20
../Core/Src/main.c:247:6:SystemClock_Config	3
../Core/Src/main.c:284:13:MX_I2C1_Init	4
../Core/Src/main.c:332:13:MX_TIM3_Init	4
../Core/Src/main.c:377:13:MX_USART2_UART_Init	2
../Core/Src/main.c:411:13:MX_DMA_Init	1
../Core/Src/main.c:429:13:MX_GPIO_Init	1
../Core/Src/main.c:463:6:readBuf	13
../Core/Src/main.c:545:5:readINDEX	1
../Core/Src/main.c:551:9:readID	6
../Core/Src/main.c:567:6:Error_Handler	1
