../Core/Src/main.cpp:96:5:int main()	8	static
../Core/Src/main.cpp:167:6:void SystemClock_Config()	88	static
../Core/Src/main.cpp:209:13:void MX_USART2_UART_Init()	8	static
../Core/Src/main.cpp:240:13:void MX_DMA_Init()	16	static
../Core/Src/main.cpp:258:13:void MX_GPIO_Init()	32	static
../Core/Src/main.cpp:282:6:void get_position(uint8_t)	64	static
../Core/Src/main.cpp:378:6:void Error_Handler()	4	static,ignoring_inline_asm
../Core/Src/main.cpp:387:1:void __static_initialization_and_destruction_0(int, int)	16	static
../Core/Src/main.cpp:387:1:cpp)	8	static
