../Core/Src/main.cpp:82:6:void HAL_TIM_PWM_PulseFinishedHalfCpltCallback(TIM_HandleTypeDef*)	16	static
../Core/Src/main.cpp:86:6:void HAL_TIM_PWM_PulseFinishedCallback(TIM_HandleTypeDef*)	16	static
../Core/Src/main.cpp:90:9:uint8_t readID()	16	static
../Core/Src/main.cpp:112:5:int main()	48	static
../Core/Src/main.cpp:178:6:void SystemClock_Config()	88	static
../Core/Src/main.cpp:222:13:void MX_TIM3_Init()	64	static
../Core/Src/main.cpp:281:13:void MX_USART2_UART_Init()	8	static
../Core/Src/main.cpp:315:13:void MX_DMA_Init()	16	static
../Core/Src/main.cpp:336:13:void MX_GPIO_Init()	48	static
../Core/Src/main.cpp:375:6:void readBuf(UART_HandleTypeDef*, uint8_t*, int, uint8_t*, int, uint8_t, uint8_t*, uint8_t*, uint16_t*, uint16_t*, uint8_t)	56	static
../Core/Src/main.cpp:460:6:void Error_Handler()	8	static,ignoring_inline_asm
../Core/Src/main.cpp:469:1:void __static_initialization_and_destruction_0(int, int)	16	static
../Core/Src/main.cpp:469:1:cpp)	8	static
