../Core/Src/main.cpp:64:6:void HAL_TIM_PWM_PulseFinishedHalfCpltCallback(TIM_HandleTypeDef*)	16	static
../Core/Src/main.cpp:68:6:void HAL_TIM_PWM_PulseFinishedCallback(TIM_HandleTypeDef*)	16	static
../Core/Src/main.cpp:78:5:int main()	16	static
../Core/Src/main.cpp:129:6:void SystemClock_Config()	88	static
../Core/Src/main.cpp:173:13:void MX_TIM3_Init()	48	static
../Core/Src/main.cpp:220:13:void MX_DMA_Init()	16	static
../Core/Src/main.cpp:238:13:void MX_GPIO_Init()	16	static
../Core/Src/main.cpp:259:6:void Error_Handler()	8	static,ignoring_inline_asm
../Core/Src/main.cpp:268:1:void __static_initialization_and_destruction_0(int, int)	16	static
../Core/Src/main.cpp:268:1:cpp)	8	static
