../Core/Src/main.cpp:80:6:void HAL_TIM_PeriodElapsedCallback(TIM_HandleTypeDef*)	16	static
../Core/Src/main.cpp:92:5:int main()	32	static
../Core/Src/main.cpp:227:6:void SystemClock_Config()	88	static
../Core/Src/main.cpp:282:13:void MX_I2C1_Init()	8	static
../Core/Src/main.cpp:316:13:void MX_TIM2_Init()	32	static
../Core/Src/main.cpp:361:13:void MX_USART6_UART_Init()	8	static
../Core/Src/main.cpp:394:13:void MX_GPIO_Init()	40	static
../Core/Src/main.cpp:426:6:void speed_set(int, int, int, int16_t*, float)	64	static
../Core/Src/main.cpp:470:6:void set_array(int16_t*, uint8_t*)	32	static
../Core/Src/main.cpp:485:6:void Error_Handler()	4	static,ignoring_inline_asm
