../Core/Src/main.cpp:92:6:void HAL_TIM_PeriodElapsedCallback(TIM_HandleTypeDef*)	16	static
../Core/Src/main.cpp:104:5:int main()	64	static
../Core/Src/main.cpp:238:6:void SystemClock_Config()	88	static
../Core/Src/main.cpp:293:13:void MX_I2C1_Init()	8	static
../Core/Src/main.cpp:327:13:void MX_TIM2_Init()	32	static
../Core/Src/main.cpp:372:13:void MX_USART6_UART_Init()	8	static
../Core/Src/main.cpp:405:13:void MX_GPIO_Init()	40	static
../Core/Src/main.cpp:437:6:void speed_set(int, int, int, int16_t*, float)	56	static
../Core/Src/main.cpp:478:6:void set_array(int16_t*, uint8_t*)	32	static
../Core/Src/main.cpp:493:6:void Error_Handler()	4	static,ignoring_inline_asm
C:\ST\STM32CubeIDE_1.15.1\STM32CubeIDE\plugins\com.st.stm32cube.ide.mcu.externaltools.gnu-tools-for-stm32.12.3.rel1.win32_1.0.200.202406191623\tools\bin/../lib/gcc/arm-none-eabi/12.3.1/../../../../arm-none-eabi/include/c++/12.3.1/cmath:415:5:constexpr typename __gnu_cxx::__promote_2<_Tp, _Up>::__type std::pow(_Tp, _Up) [with _Tp = short int; _Up = int]	24	static
C:\ST\STM32CubeIDE_1.15.1\STM32CubeIDE\plugins\com.st.stm32cube.ide.mcu.externaltools.gnu-tools-for-stm32.12.3.rel1.win32_1.0.200.202406191623\tools\bin/../lib/gcc/arm-none-eabi/12.3.1/../../../../arm-none-eabi/include/c++/12.3.1/cmath:155:5:constexpr typename __gnu_cxx::__promote_2<_Tp, _Up>::__type std::atan2(_Tp, _Up) [with _Tp = short int; _Up = short int]	24	static
