../Core/Src/main.cpp:84:6:void HAL_TIM_PWM_PulseFinishedCallback(TIM_HandleTypeDef*)	16	static
../Core/Src/main.cpp:103:5:int main()	32	static
../Core/Src/main.cpp:171:6:void SystemClock_Config()	88	static
../Core/Src/main.cpp:218:13:void MX_TIM3_Init()	64	static
../Core/Src/main.cpp:275:13:void MX_DMA_Init()	16	static
../Core/Src/main.cpp:293:13:void MX_GPIO_Init()	16	static
../Core/Src/main.cpp:314:6:void Error_Handler()	4	static,ignoring_inline_asm
../Core/Src/main.cpp:323:1:void __static_initialization_and_destruction_0(int, int)	16	static
../Core/Src/main.cpp:323:1:cpp)	8	static
