../Core/Src/main.cpp:106:5:int main()	8	static
../Core/Src/main.cpp:184:6:void SystemClock_Config()	88	static
../Core/Src/main.cpp:226:13:void MX_USART2_UART_Init()	8	static
../Core/Src/main.cpp:257:13:void MX_DMA_Init()	16	static
../Core/Src/main.cpp:275:13:void MX_GPIO_Init()	40	static
../Core/Src/main.cpp:306:6:void get_position(uint8_t)	64	static
../Core/Src/main.cpp:402:6:void Error_Handler()	4	static,ignoring_inline_asm
../Core/Src/main.cpp:411:1:void __static_initialization_and_destruction_0(int, int)	16	static
../Core/Src/main.cpp:411:1:cpp)	8	static
