../Core/Src/main.c:95:6:HAL_TIM_PeriodElapsedCallback	16	static
../Core/Src/main.c:115:5:main	48	static
../Core/Src/main.c:241:6:SystemClock_Config	88	static
../Core/Src/main.c:285:13:MX_TIM3_Init	40	static
../Core/Src/main.c:330:13:MX_TIM16_Init	88	static
../Core/Src/main.c:393:13:MX_USART1_UART_Init	8	static
../Core/Src/main.c:441:13:MX_USART2_UART_Init	8	static
../Core/Src/main.c:475:13:MX_DMA_Init	16	static
../Core/Src/main.c:496:13:MX_GPIO_Init	48	static
../Core/Src/main.c:551:6:readBuf	48	static
../Core/Src/main.c:573:5:readINDEX	32	static
../Core/Src/main.c:579:9:readID	16	static
../Core/Src/main.c:595:6:Error_Handler	8	static,ignoring_inline_asm
