../Core/Src/main.c:105:6:HAL_TIM_PeriodElapsedCallback	2
../Core/Src/main.c:125:5:main	15
../Core/Src/main.c:260:6:SystemClock_Config	3
../Core/Src/main.c:304:13:MX_TIM3_Init	4
../Core/Src/main.c:349:13:MX_TIM16_Init	5
../Core/Src/main.c:412:13:MX_USART1_UART_Init	5
../Core/Src/main.c:460:13:MX_USART2_UART_Init	2
../Core/Src/main.c:494:13:MX_DMA_Init	1
../Core/Src/main.c:515:13:MX_GPIO_Init	1
../Core/Src/main.c:569:6:readBuf	20
../Core/Src/main.c:649:9:readID	6
../Core/Src/main.c:665:6:Error_Handler	1
