../Core/Src/main.c:95:6:HAL_TIM_PeriodElapsedCallback	2
../Core/Src/main.c:115:5:main	10
../Core/Src/main.c:241:6:SystemClock_Config	3
../Core/Src/main.c:285:13:MX_TIM3_Init	4
../Core/Src/main.c:330:13:MX_TIM16_Init	5
../Core/Src/main.c:393:13:MX_USART1_UART_Init	5
../Core/Src/main.c:441:13:MX_USART2_UART_Init	2
../Core/Src/main.c:475:13:MX_DMA_Init	1
../Core/Src/main.c:496:13:MX_GPIO_Init	1
../Core/Src/main.c:551:6:readBuf	7
../Core/Src/main.c:573:5:readINDEX	1
../Core/Src/main.c:579:9:readID	6
../Core/Src/main.c:595:6:Error_Handler	1
