../Core/Src/main.c:85:6:HAL_TIM_PeriodElapsedCallback	16	static
../Core/Src/main.c:97:5:main	48	static
../Core/Src/main.c:208:6:SystemClock_Config	88	static
../Core/Src/main.c:252:13:MX_TIM3_Init	40	static
../Core/Src/main.c:297:13:MX_TIM16_Init	88	static
../Core/Src/main.c:360:13:MX_USART1_UART_Init	8	static
../Core/Src/main.c:408:13:MX_USART2_UART_Init	8	static
../Core/Src/main.c:442:13:MX_DMA_Init	16	static
../Core/Src/main.c:463:13:MX_GPIO_Init	48	static
../Core/Src/main.c:506:6:readBuf	48	static
../Core/Src/main.c:533:6:Error_Handler	8	static,ignoring_inline_asm
