../Core/Src/main.cpp:90:5:int main()	72	static
../Core/Src/main.cpp:161:6:void SystemClock_Config()	88	static
../Core/Src/main.cpp:203:13:void MX_ADC1_Init()	24	static
../Core/Src/main.cpp:265:13:void MX_UART5_Init()	8	static
../Core/Src/main.cpp:298:13:void MX_USART1_UART_Init()	8	static
../Core/Src/main.cpp:329:13:void MX_DMA_Init()	16	static
../Core/Src/main.cpp:347:13:void MX_GPIO_Init()	48	static
../Core/Src/main.cpp:382:6:void readBuf(UART_HandleTypeDef*, uint8_t*, int, uint8_t*, int, uint8_t, uint8_t*, uint8_t*, uint16_t*, uint16_t*, uint8_t)	56	static
../Core/Src/main.cpp:468:6:void Error_Handler()	4	static,ignoring_inline_asm
/Applications/STM32CubeIDE.app/Contents/Eclipse/plugins/com.st.stm32cube.ide.mcu.externaltools.gnu-tools-for-stm32.12.3.rel1.macos64_1.0.200.202406191456/tools/arm-none-eabi/include/c++/12.3.1/cmath:155:5:constexpr typename __gnu_cxx::__promote_2<_Tp, _Up>::__type std::atan2(_Tp, _Up) [with _Tp = short int; _Up = short int]	24	static
/Applications/STM32CubeIDE.app/Contents/Eclipse/plugins/com.st.stm32cube.ide.mcu.externaltools.gnu-tools-for-stm32.12.3.rel1.macos64_1.0.200.202406191456/tools/arm-none-eabi/include/c++/12.3.1/cmath:475:5:constexpr typename __gnu_cxx::__enable_if<std::__is_integer<_Tp>::__value, double>::__type std::sqrt(_Tp) [with _Tp = int]	16	static
