c:\st\stm32cubeide_1.12.1\stm32cubeide\plugins\com.st.stm32cube.ide.mcu.externaltools.gnu-tools-for-stm32.10.3-2021.10.win32_1.0.200.202301161003\tools\arm-none-eabi\include\c++\10.3.1\cmath:184:3:constexpr float std::cos(float)	16	static
../Core/Src/main.cpp:112:5:int main()	32	static
../Core/Src/main.cpp:197:6:void SystemClock_Config()	88	static
../Core/Src/main.cpp:243:13:void MX_TIM16_Init()	88	static
../Core/Src/main.cpp:306:13:void MX_USART2_UART_Init()	8	static
../Core/Src/main.cpp:340:13:void MX_DMA_Init()	16	static
../Core/Src/main.cpp:358:13:void MX_GPIO_Init()	48	static
../Core/Src/main.cpp:395:6:void receiveData()	32	static
../Core/Src/main.cpp:436:9:int16_t calcValue()	24	static
../Core/Src/main.cpp:456:6:void Error_Handler()	8	static,ignoring_inline_asm
