../Core/Src/main.cpp:145:6:void HAL_TIM_PeriodElapsedCallback(TIM_HandleTypeDef*)	16	static
../Core/Src/main.cpp:157:5:int main()	248	static
../Core/Src/main.cpp:417:6:void SystemClock_Config()	88	static
../Core/Src/main.cpp:471:13:void MX_I2C1_Init()	8	static
../Core/Src/main.cpp:505:13:void MX_TIM2_Init()	32	static
../Core/Src/main.cpp:550:13:void MX_TIM4_Init()	64	static
../Core/Src/main.cpp:609:13:void MX_UART5_Init()	8	static
../Core/Src/main.cpp:642:13:void MX_USART2_UART_Init()	8	static
../Core/Src/main.cpp:675:13:void MX_USART3_UART_Init()	8	static
../Core/Src/main.cpp:708:13:void MX_USART6_UART_Init()	8	static
../Core/Src/main.cpp:739:13:void MX_DMA_Init()	16	static
../Core/Src/main.cpp:760:13:void MX_GPIO_Init()	48	static
../Core/Src/main.cpp:804:6:void speed_set(int, int, int, int16_t*, float)	64	static
../Core/Src/main.cpp:846:6:void set_array(int16_t*, uint8_t*)	32	static
../Core/Src/main.cpp:856:6:void readBuf(UART_HandleTypeDef*, uint8_t*, int, uint8_t*, int, uint8_t, uint8_t*, uint8_t*, uint16_t*, uint16_t*, uint8_t)	56	static
../Core/Src/main.cpp:941:6:void Error_Handler()	4	static,ignoring_inline_asm
C:\ST\STM32CubeIDE_1.15.1\STM32CubeIDE\plugins\com.st.stm32cube.ide.mcu.externaltools.gnu-tools-for-stm32.12.3.rel1.win32_1.0.200.202406191623\tools\bin/../lib/gcc/arm-none-eabi/12.3.1/../../../../arm-none-eabi/include/c++/12.3.1/cmath:415:5:constexpr typename __gnu_cxx::__promote_2<_Tp, _Up>::__type std::pow(_Tp, _Up) [with _Tp = short int; _Up = int]	24	static
