../Core/Src/main.cpp:85:6:void HAL_TIM_PWM_PulseFinishedCallback(TIM_HandleTypeDef*)	16	static
../Core/Src/main.cpp:105:5:int main()	32	static
../Core/Src/main.cpp:177:6:void SystemClock_Config()	88	static
../Core/Src/main.cpp:224:13:void MX_TIM3_Init()	64	static
../Core/Src/main.cpp:286:13:void MX_DMA_Init()	16	static
../Core/Src/main.cpp:307:13:void MX_GPIO_Init()	24	static
../Core/Src/main.cpp:329:6:void Error_Handler()	4	static,ignoring_inline_asm
../Core/Src/main.cpp:338:1:void __static_initialization_and_destruction_0(int, int)	16	static
../Core/Src/main.cpp:338:1:cpp)	8	static
