../Core/Src/main.cpp:154:6:void HAL_TIM_PWM_PulseFinishedCallback(TIM_HandleTypeDef*)	16	static
../Core/Src/main.cpp:162:6:void HAL_TIM_PeriodElapsedCallback(TIM_HandleTypeDef*)	16	static
../Core/Src/main.cpp:176:5:int main()	200	static
../Core/Src/main.cpp:347:6:void SystemClock_Config()	88	static
../Core/Src/main.cpp:393:13:void MX_I2C1_Init()	8	static
../Core/Src/main.cpp:426:13:void MX_TIM3_Init()	64	static
../Core/Src/main.cpp:484:13:void MX_TIM6_Init()	16	static
../Core/Src/main.cpp:521:13:void MX_UART5_Init()	8	static
../Core/Src/main.cpp:553:13:void MX_USART2_UART_Init()	8	static
../Core/Src/main.cpp:585:13:void MX_USART3_UART_Init()	8	static
../Core/Src/main.cpp:615:13:void MX_DMA_Init()	16	static
../Core/Src/main.cpp:638:13:void MX_GPIO_Init()	48	static
../Core/Src/main.cpp:690:6:void get_position(uint8_t)	64	static
../Core/Src/main.cpp:772:6:void sendData(uint16_t, uint8_t, int16_t)	24	static
../Core/Src/main.cpp:795:6:void twelite()	32	static
../Core/Src/main.cpp:839:6:void setMode()	4	static
../Core/Src/main.cpp:919:6:void mode0()	24	static
../Core/Src/main.cpp:933:6:void mode1()	24	static
../Core/Src/main.cpp:947:6:void mode2()	8	static
../Core/Src/main.cpp:955:6:void mode3()	32	static
../Core/Src/main.cpp:1011:6:void mode4()	32	static
../Core/Src/main.cpp:1090:6:void mode5()	24	static
../Core/Src/main.cpp:1104:6:void mode6()	32	static
../Core/Src/main.cpp:1140:6:void mode7()	24	static
../Core/Src/main.cpp:1156:6:void mode8()	24	static
../Core/Src/main.cpp:1166:6:void mode9()	24	static
../Core/Src/main.cpp:1180:6:void mode10()	24	static
../Core/Src/main.cpp:1194:6:void mode11()	32	static
../Core/Src/main.cpp:1213:6:void mode12()	32	static
../Core/Src/main.cpp:1295:6:void mode13()	32	static
../Core/Src/main.cpp:1309:6:void mode14()	24	static
../Core/Src/main.cpp:1329:6:void mode15()	24	static
../Core/Src/main.cpp:1344:6:void modeError()	24	static
../Core/Src/main.cpp:1364:6:void Error_Handler()	4	static,ignoring_inline_asm
../Core/Src/main.cpp:1373:1:void __static_initialization_and_destruction_0(int, int)	16	static
../Core/Src/main.cpp:1373:1:cpp)	8	static
