../Core/Src/main.cpp:129:6:void HAL_TIM_PWM_PulseFinishedCallback(TIM_HandleTypeDef*)	16	static
../Core/Src/main.cpp:149:5:int main()	208	static
../Core/Src/main.cpp:327:6:void SystemClock_Config()	88	static
../Core/Src/main.cpp:374:13:void MX_I2C1_Init()	8	static
../Core/Src/main.cpp:408:13:void MX_TIM3_Init()	64	static
../Core/Src/main.cpp:467:13:void MX_USART2_UART_Init()	8	static
../Core/Src/main.cpp:500:13:void MX_USART3_UART_Init()	8	static
../Core/Src/main.cpp:531:13:void MX_DMA_Init()	16	static
../Core/Src/main.cpp:552:13:void MX_GPIO_Init()	48	static
../Core/Src/main.cpp:591:6:void get_position(uint8_t)	64	static
../Core/Src/main.cpp:673:6:void sendData(uint16_t, uint8_t, int16_t)	24	static
../Core/Src/main.cpp:710:6:void Error_Handler()	4	static,ignoring_inline_asm
../Core/Src/main.cpp:719:1:void __static_initialization_and_destruction_0(int, int)	16	static
../Core/Src/main.cpp:719:1:cpp)	8	static
