../Core/Src/main.cpp:162:6:void HAL_TIM_PWM_PulseFinishedCallback(TIM_HandleTypeDef*)	16	static
../Core/Src/main.cpp:170:6:void HAL_TIM_PeriodElapsedCallback(TIM_HandleTypeDef*)	16	static
../Core/Src/main.cpp:184:5:int main()	200	static
../Core/Src/main.cpp:328:6:void SystemClock_Config()	88	static
../Core/Src/main.cpp:374:13:void MX_I2C1_Init()	8	static
../Core/Src/main.cpp:407:13:void MX_TIM3_Init()	64	static
../Core/Src/main.cpp:465:13:void MX_TIM6_Init()	16	static
../Core/Src/main.cpp:502:13:void MX_UART5_Init()	8	static
../Core/Src/main.cpp:534:13:void MX_USART2_UART_Init()	8	static
../Core/Src/main.cpp:566:13:void MX_USART3_UART_Init()	8	static
../Core/Src/main.cpp:596:13:void MX_DMA_Init()	16	static
../Core/Src/main.cpp:619:13:void MX_GPIO_Init()	48	static
../Core/Src/main.cpp:671:6:void get_position(uint8_t)	64	static
../Core/Src/main.cpp:753:6:void sendData(uint16_t, uint8_t, int16_t)	24	static
../Core/Src/main.cpp:776:6:void twelite()	32	static
../Core/Src/main.cpp:821:6:void gesture0()	24	static
../Core/Src/main.cpp:857:6:void gesture1()	24	static
../Core/Src/main.cpp:901:6:void gesture2()	24	static
../Core/Src/main.cpp:1462:6:void Error_Handler()	4	static,ignoring_inline_asm
../Core/Src/main.cpp:1471:1:void __static_initialization_and_destruction_0(int, int)	16	static
../Core/Src/main.cpp:1471:1:cpp)	8	static
