../Core/Src/main.cpp:126:6:void HAL_TIM_PWM_PulseFinishedCallback(TIM_HandleTypeDef*)	16	static
../Core/Src/main.cpp:146:5:int main()	200	static
../Core/Src/main.cpp:256:6:void SystemClock_Config()	88	static
../Core/Src/main.cpp:303:13:void MX_I2C1_Init()	8	static
../Core/Src/main.cpp:337:13:void MX_TIM3_Init()	64	static
../Core/Src/main.cpp:396:13:void MX_USART2_UART_Init()	8	static
../Core/Src/main.cpp:429:13:void MX_USART3_UART_Init()	8	static
../Core/Src/main.cpp:460:13:void MX_DMA_Init()	16	static
../Core/Src/main.cpp:481:13:void MX_GPIO_Init()	48	static
../Core/Src/main.cpp:520:6:void get_position(uint8_t)	64	static
../Core/Src/main.cpp:602:6:void sendData(uint16_t, uint8_t)	24	static
../Core/Src/main.cpp:635:6:void Error_Handler()	4	static,ignoring_inline_asm
../Core/Src/main.cpp:644:1:void __static_initialization_and_destruction_0(int, int)	16	static
../Core/Src/main.cpp:644:1:cpp)	8	static
