../Core/Src/main.cpp:123:6:void HAL_TIM_PWM_PulseFinishedCallback(TIM_HandleTypeDef*)	16	static
../Core/Src/main.cpp:142:5:int main()	200	static
../Core/Src/main.cpp:238:6:void SystemClock_Config()	88	static
../Core/Src/main.cpp:285:13:void MX_I2C1_Init()	8	static
../Core/Src/main.cpp:319:13:void MX_TIM3_Init()	64	static
../Core/Src/main.cpp:378:13:void MX_USART2_UART_Init()	8	static
../Core/Src/main.cpp:411:13:void MX_USART3_UART_Init()	8	static
../Core/Src/main.cpp:442:13:void MX_DMA_Init()	16	static
../Core/Src/main.cpp:463:13:void MX_GPIO_Init()	48	static
../Core/Src/main.cpp:502:6:void get_position(uint8_t)	64	static
../Core/Src/main.cpp:583:6:void sendData(uint16_t, uint8_t)	24	static
../Core/Src/main.cpp:616:6:void Error_Handler()	4	static,ignoring_inline_asm
../Core/Src/main.cpp:625:1:void __static_initialization_and_destruction_0(int, int)	16	static
../Core/Src/main.cpp:625:1:cpp)	8	static
