../Core/Src/main.cpp:132:6:void HAL_TIM_PWM_PulseFinishedCallback(TIM_HandleTypeDef*)	16	static
../Core/Src/main.cpp:155:5:int main()	208	static
../Core/Src/main.cpp:365:6:void SystemClock_Config()	88	static
../Core/Src/main.cpp:412:13:void MX_I2C1_Init()	8	static
../Core/Src/main.cpp:446:13:void MX_TIM3_Init()	64	static
../Core/Src/main.cpp:505:13:void MX_USART2_UART_Init()	8	static
../Core/Src/main.cpp:538:13:void MX_USART3_UART_Init()	8	static
../Core/Src/main.cpp:569:13:void MX_DMA_Init()	16	static
../Core/Src/main.cpp:590:13:void MX_GPIO_Init()	48	static
../Core/Src/main.cpp:641:6:void get_position(uint8_t)	64	static
../Core/Src/main.cpp:723:6:void sendData(uint16_t, uint8_t, int16_t)	24	static
../Core/Src/main.cpp:761:6:void Error_Handler()	4	static,ignoring_inline_asm
../Core/Src/main.cpp:770:1:void __static_initialization_and_destruction_0(int, int)	16	static
../Core/Src/main.cpp:770:1:cpp)	8	static
