../Core/Src/main.cpp:144:6:void HAL_TIM_PWM_PulseFinishedCallback(TIM_HandleTypeDef*)	16	static
../Core/Src/main.cpp:167:5:int main()	208	static
../Core/Src/main.cpp:376:6:void SystemClock_Config()	88	static
../Core/Src/main.cpp:423:13:void MX_I2C1_Init()	8	static
../Core/Src/main.cpp:457:13:void MX_TIM3_Init()	64	static
../Core/Src/main.cpp:516:13:void MX_UART5_Init()	8	static
../Core/Src/main.cpp:549:13:void MX_USART2_UART_Init()	8	static
../Core/Src/main.cpp:582:13:void MX_USART3_UART_Init()	8	static
../Core/Src/main.cpp:613:13:void MX_DMA_Init()	16	static
../Core/Src/main.cpp:637:13:void MX_GPIO_Init()	48	static
../Core/Src/main.cpp:689:6:void get_position(uint8_t)	64	static
../Core/Src/main.cpp:771:6:void sendData(uint16_t, uint8_t, int16_t)	24	static
../Core/Src/main.cpp:794:6:void twelite()	24	static
../Core/Src/main.cpp:844:6:void Error_Handler()	4	static,ignoring_inline_asm
../Core/Src/main.cpp:853:1:void __static_initialization_and_destruction_0(int, int)	16	static
../Core/Src/main.cpp:853:1:cpp)	8	static
