../Core/Src/main.c:84:6:HAL_I2C_MasterTxCpltCallback	16	static
../Core/Src/main.c:90:6:HAL_I2C_MasterRxCpltCallback	16	static
../Core/Src/main.c:114:6:HAL_TIM_PeriodElapsedCallback	16	static
../Core/Src/main.c:127:5:main	16	static
../Core/Src/main.c:211:6:SystemClock_Config	64	static
../Core/Src/main.c:248:13:MX_I2C1_Init	8	static
../Core/Src/main.c:296:13:MX_TIM3_Init	40	static
../Core/Src/main.c:339:13:MX_DMA_Init	16	static
../Core/Src/main.c:360:13:MX_GPIO_Init	48	static
../Core/Src/main.c:392:6:Error_Handler	8	static,ignoring_inline_asm
