../Core/Src/main.c:73:6:set_array	40	static
../Core/Src/main.c:109:9:rgbToHue	56	static
../Core/Src/main.c:153:5:main	56	static
../Core/Src/main.c:222:6:SystemClock_Config	88	static
../Core/Src/main.c:264:13:MX_USART2_UART_Init	8	static
../Core/Src/main.c:297:13:MX_USART3_UART_Init	8	static
../Core/Src/main.c:328:13:MX_DMA_Init	16	static
../Core/Src/main.c:346:13:MX_GPIO_Init	40	static
../Core/Src/main.c:372:6:readBuf	40	static
../Core/Src/main.c:414:6:Error_Handler	4	static,ignoring_inline_asm
